// Jest Snapshot v1, https://goo.gl/fbAQLP

exports[`MenuLabel matches snapshot 1`] = `
<DocumentFragment>
  <div
    class="container"
    data-test="job-overview-menu-label-EcJpZjEcMfI"
  >
    <div
      class="status"
    >
      <span
        class="filename"
      >
        data1.json
      </span>
      <br />
      <span>
        Completed 
      </span>
    </div>
    <div
      class="date"
    >
      2020-02-12 13:00:23

    </div>
  </div>
</DocumentFragment>
`;
